Loading checkpoint shards:   0%|          | 0/2 [00:00<?, ?it/s]Loading checkpoint shards:  50%|█████     | 1/2 [00:06<00:06,  6.55s/it]Loading checkpoint shards: 100%|██████████| 2/2 [00:08<00:00,  4.02s/it]Loading checkpoint shards: 100%|██████████| 2/2 [00:08<00:00,  4.40s/it]
/ext3/miniconda3/lib/python3.12/site-packages/transformers/generation/configuration_utils.py:515: UserWarning: `do_sample` is set to `False`. However, `temperature` is set to `0.9` -- this flag is only used in sample-based generation modes. You should set `do_sample=True` or unset `temperature`. This was detected when initializing the generation config instance, which means the corresponding file may hold incorrect parameterization and should be fixed.
  warnings.warn(
/ext3/miniconda3/lib/python3.12/site-packages/transformers/generation/configuration_utils.py:520: UserWarning: `do_sample` is set to `False`. However, `top_p` is set to `0.6` -- this flag is only used in sample-based generation modes. You should set `do_sample=True` or unset `top_p`. This was detected when initializing the generation config instance, which means the corresponding file may hold incorrect parameterization and should be fixed.
  warnings.warn(
/ext3/miniconda3/lib/python3.12/site-packages/transformers/generation/configuration_utils.py:515: UserWarning: `do_sample` is set to `False`. However, `temperature` is set to `0.9` -- this flag is only used in sample-based generation modes. You should set `do_sample=True` or unset `temperature`.
  warnings.warn(
/ext3/miniconda3/lib/python3.12/site-packages/transformers/generation/configuration_utils.py:520: UserWarning: `do_sample` is set to `False`. However, `top_p` is set to `0.6` -- this flag is only used in sample-based generation modes. You should set `do_sample=True` or unset `top_p`.
  warnings.warn(
Special tokens have been added in the vocabulary, make sure the associated word embeddings are fine-tuned or trained.
Loading checkpoint shards:   0%|          | 0/4 [00:00<?, ?it/s]Loading checkpoint shards:  25%|██▌       | 1/4 [00:03<00:09,  3.32s/it]Loading checkpoint shards:  50%|█████     | 2/4 [00:06<00:06,  3.11s/it]Loading checkpoint shards:  75%|███████▌  | 3/4 [00:09<00:03,  3.02s/it]Loading checkpoint shards: 100%|██████████| 4/4 [00:09<00:00,  2.13s/it]Loading checkpoint shards: 100%|██████████| 4/4 [00:09<00:00,  2.49s/it]
/ext3/miniconda3/lib/python3.12/site-packages/torch/nn/modules/transformer.py:408: UserWarning: The PyTorch API of nested tensors is in prototype stage and will change in the near future. (Triggered internally at ../aten/src/ATen/NestedTensorImpl.cpp:178.)
  output = torch._nested_tensor_from_mask(output, src_key_padding_mask.logical_not(), mask_check=False)
Traceback (most recent call last):
  File "/scratch/jl16973/few_shot_word_learning/definition_eval2.py", line 303, in <module>
    run_emb_gen(def_task, path, temperature=temp)
  File "/scratch/jl16973/few_shot_word_learning/definition_eval2.py", line 269, in run_emb_gen
    tree = generate_examples_emb_gen(model, ex, tokenizerMLM, tokenizerTask, model_llama3, tokenizer_llama3, with_prompt=True, temperature=temperature)
           ^^^^^^^^^^^^^^^^^^^^^^^^^^^^^^^^^^^^^^^^^^^^^^^^^^^^^^^^^^^^^^^^^^^^^^^^^^^^^^^^^^^^^^^^^^^^^^^^^^^^^^^^^^^^^^^^^^^^^^^^^^^^^^^^^^^^^^^^^^^^
  File "/ext3/miniconda3/lib/python3.12/site-packages/torch/utils/_contextlib.py", line 115, in decorate_context
    return func(*args, **kwargs)
           ^^^^^^^^^^^^^^^^^^^^^
  File "/scratch/jl16973/few_shot_word_learning/definition_eval2.py", line 177, in generate_examples_emb_gen
    print(root)
  File "/scratch/jl16973/few_shot_word_learning/definition_eval2.py", line 109, in __str__
    self._build_tree_structure(tree)
  File "/scratch/jl16973/few_shot_word_learning/definition_eval2.py", line 117, in _build_tree_structure
    f"Definition with prompt: {self.definition_with_prompt.replace('\n', '\\n')}, "
                               ^^^^^^^^^^^^^^^^^^^^^^^^^^^^^^^^^^^
AttributeError: 'NoneType' object has no attribute 'replace'
