Loading checkpoint shards:   0%|          | 0/2 [00:00<?, ?it/s]Loading checkpoint shards:  50%|█████     | 1/2 [00:32<00:32, 32.64s/it]Loading checkpoint shards: 100%|██████████| 2/2 [00:43<00:00, 20.10s/it]Loading checkpoint shards: 100%|██████████| 2/2 [00:43<00:00, 21.98s/it]
/ext3/miniconda3/lib/python3.12/site-packages/transformers/generation/configuration_utils.py:515: UserWarning: `do_sample` is set to `False`. However, `temperature` is set to `0.9` -- this flag is only used in sample-based generation modes. You should set `do_sample=True` or unset `temperature`. This was detected when initializing the generation config instance, which means the corresponding file may hold incorrect parameterization and should be fixed.
  warnings.warn(
/ext3/miniconda3/lib/python3.12/site-packages/transformers/generation/configuration_utils.py:520: UserWarning: `do_sample` is set to `False`. However, `top_p` is set to `0.6` -- this flag is only used in sample-based generation modes. You should set `do_sample=True` or unset `top_p`. This was detected when initializing the generation config instance, which means the corresponding file may hold incorrect parameterization and should be fixed.
  warnings.warn(
/ext3/miniconda3/lib/python3.12/site-packages/transformers/generation/configuration_utils.py:515: UserWarning: `do_sample` is set to `False`. However, `temperature` is set to `0.9` -- this flag is only used in sample-based generation modes. You should set `do_sample=True` or unset `temperature`.
  warnings.warn(
/ext3/miniconda3/lib/python3.12/site-packages/transformers/generation/configuration_utils.py:520: UserWarning: `do_sample` is set to `False`. However, `top_p` is set to `0.6` -- this flag is only used in sample-based generation modes. You should set `do_sample=True` or unset `top_p`.
  warnings.warn(
Special tokens have been added in the vocabulary, make sure the associated word embeddings are fine-tuned or trained.
Loading checkpoint shards:   0%|          | 0/4 [00:00<?, ?it/s]Loading checkpoint shards:  25%|██▌       | 1/4 [00:11<00:35, 11.71s/it]Loading checkpoint shards:  50%|█████     | 2/4 [00:23<00:23, 11.81s/it]Loading checkpoint shards:  75%|███████▌  | 3/4 [00:35<00:11, 11.63s/it]Loading checkpoint shards: 100%|██████████| 4/4 [00:37<00:00,  8.10s/it]Loading checkpoint shards: 100%|██████████| 4/4 [00:37<00:00,  9.42s/it]
/ext3/miniconda3/lib/python3.12/site-packages/torch/nn/modules/transformer.py:408: UserWarning: The PyTorch API of nested tensors is in prototype stage and will change in the near future. (Triggered internally at ../aten/src/ATen/NestedTensorImpl.cpp:178.)
  output = torch._nested_tensor_from_mask(output, src_key_padding_mask.logical_not(), mask_check=False)
Traceback (most recent call last):
  File "/scratch/jl16973/few_shot_word_learning/definition_eval2.py", line 311, in <module>
    run_emb_gen(def_task, path, temperature=temp)
  File "/scratch/jl16973/few_shot_word_learning/definition_eval2.py", line 277, in run_emb_gen
    tree = generate_examples_emb_gen(model, ex, tokenizerMLM, tokenizerTask, model_llama3, tokenizer_llama3, with_prompt=True, temperature=temperature)
           ^^^^^^^^^^^^^^^^^^^^^^^^^^^^^^^^^^^^^^^^^^^^^^^^^^^^^^^^^^^^^^^^^^^^^^^^^^^^^^^^^^^^^^^^^^^^^^^^^^^^^^^^^^^^^^^^^^^^^^^^^^^^^^^^^^^^^^^^^^^^
  File "/ext3/miniconda3/lib/python3.12/site-packages/torch/utils/_contextlib.py", line 115, in decorate_context
    return func(*args, **kwargs)
           ^^^^^^^^^^^^^^^^^^^^^
  File "/scratch/jl16973/few_shot_word_learning/definition_eval2.py", line 165, in generate_examples_emb_gen
    gen_def_with_prompt = generate_definition(model, [gen_ex], tokenizerMLM, tokenizerTask, with_prompt=True)
                          ^^^^^^^^^^^^^^^^^^^^^^^^^^^^^^^^^^^^^^^^^^^^^^^^^^^^^^^^^^^^^^^^^^^^^^^^^^^^^^^^^^^
  File "/ext3/miniconda3/lib/python3.12/site-packages/torch/utils/_contextlib.py", line 115, in decorate_context
    return func(*args, **kwargs)
           ^^^^^^^^^^^^^^^^^^^^^
  File "/scratch/jl16973/few_shot_word_learning/definition_eval2.py", line 97, in generate_definition
    outputs = generate(model, context, inputs['input_ids'], inputs['attention_mask'], 30, mask_new_tokens=False)
              ^^^^^^^^^^^^^^^^^^^^^^^^^^^^^^^^^^^^^^^^^^^^^^^^^^^^^^^^^^^^^^^^^^^^^^^^^^^^^^^^^^^^^^^^^^^^^^^^^^
  File "/ext3/miniconda3/lib/python3.12/site-packages/torch/utils/_contextlib.py", line 115, in decorate_context
    return func(*args, **kwargs)
           ^^^^^^^^^^^^^^^^^^^^^
  File "/scratch/jl16973/few_shot_word_learning/train_with_llama.py", line 163, in generate
    initial_outputs = model(initial_batch)
                      ^^^^^^^^^^^^^^^^^^^^
  File "/ext3/miniconda3/lib/python3.12/site-packages/torch/nn/modules/module.py", line 1532, in _wrapped_call_impl
    return self._call_impl(*args, **kwargs)
           ^^^^^^^^^^^^^^^^^^^^^^^^^^^^^^^^
  File "/ext3/miniconda3/lib/python3.12/site-packages/torch/nn/modules/module.py", line 1541, in _call_impl
    return forward_call(*args, **kwargs)
           ^^^^^^^^^^^^^^^^^^^^^^^^^^^^^
  File "/scratch/jl16973/few_shot_word_learning/train_with_llama.py", line 788, in forward
    new_token = c['input_ids'][
                ^^^^^^^^^^^^^^^
IndexError: index 0 is out of bounds for dimension 0 with size 0
