Loading checkpoint shards:   0%|          | 0/2 [00:00<?, ?it/s]Loading checkpoint shards:  50%|█████     | 1/2 [00:05<00:05,  5.70s/it]Loading checkpoint shards: 100%|██████████| 2/2 [00:07<00:00,  3.63s/it]Loading checkpoint shards: 100%|██████████| 2/2 [00:07<00:00,  3.94s/it]
/ext3/miniconda3/lib/python3.12/site-packages/transformers/generation/configuration_utils.py:515: UserWarning: `do_sample` is set to `False`. However, `temperature` is set to `0.9` -- this flag is only used in sample-based generation modes. You should set `do_sample=True` or unset `temperature`. This was detected when initializing the generation config instance, which means the corresponding file may hold incorrect parameterization and should be fixed.
  warnings.warn(
/ext3/miniconda3/lib/python3.12/site-packages/transformers/generation/configuration_utils.py:520: UserWarning: `do_sample` is set to `False`. However, `top_p` is set to `0.6` -- this flag is only used in sample-based generation modes. You should set `do_sample=True` or unset `top_p`. This was detected when initializing the generation config instance, which means the corresponding file may hold incorrect parameterization and should be fixed.
  warnings.warn(
/ext3/miniconda3/lib/python3.12/site-packages/transformers/generation/configuration_utils.py:515: UserWarning: `do_sample` is set to `False`. However, `temperature` is set to `0.9` -- this flag is only used in sample-based generation modes. You should set `do_sample=True` or unset `temperature`.
  warnings.warn(
/ext3/miniconda3/lib/python3.12/site-packages/transformers/generation/configuration_utils.py:520: UserWarning: `do_sample` is set to `False`. However, `top_p` is set to `0.6` -- this flag is only used in sample-based generation modes. You should set `do_sample=True` or unset `top_p`.
  warnings.warn(
Special tokens have been added in the vocabulary, make sure the associated word embeddings are fine-tuned or trained.
Loading checkpoint shards:   0%|          | 0/4 [00:00<?, ?it/s]Loading checkpoint shards:  25%|██▌       | 1/4 [00:02<00:08,  2.81s/it]Loading checkpoint shards:  50%|█████     | 2/4 [00:07<00:08,  4.17s/it]Loading checkpoint shards:  75%|███████▌  | 3/4 [00:11<00:03,  3.70s/it]Loading checkpoint shards: 100%|██████████| 4/4 [00:11<00:00,  2.54s/it]Loading checkpoint shards: 100%|██████████| 4/4 [00:11<00:00,  2.96s/it]
Traceback (most recent call last):
  File "/scratch/jl16973/few_shot_word_learning/definition_eval2.py", line 371, in <module>
    run_emb_gen(def_task, path, temperature=temp)
  File "/scratch/jl16973/few_shot_word_learning/definition_eval2.py", line 303, in run_emb_gen
    model_llama3, tokenizer_llama3 = load_model_and_tokenizer(model_path_llama3, device_1)
                                     ^^^^^^^^^^^^^^^^^^^^^^^^^^^^^^^^^^^^^^^^^^^^^^^^^^^^^
  File "/ext3/miniconda3/lib/python3.12/site-packages/torch/utils/_contextlib.py", line 115, in decorate_context
    return func(*args, **kwargs)
           ^^^^^^^^^^^^^^^^^^^^^
  File "/scratch/jl16973/few_shot_word_learning/definition_eval2.py", line 73, in load_model_and_tokenizer
    model = LlamaForCausalLM.from_pretrained(model_name).to(device)
            ^^^^^^^^^^^^^^^^^^^^^^^^^^^^^^^^^^^^^^^^^^^^^^^^^^^^^^^
  File "/ext3/miniconda3/lib/python3.12/site-packages/transformers/modeling_utils.py", line 2724, in to
    return super().to(*args, **kwargs)
           ^^^^^^^^^^^^^^^^^^^^^^^^^^^
  File "/ext3/miniconda3/lib/python3.12/site-packages/torch/nn/modules/module.py", line 1173, in to
    return self._apply(convert)
           ^^^^^^^^^^^^^^^^^^^^
  File "/ext3/miniconda3/lib/python3.12/site-packages/torch/nn/modules/module.py", line 779, in _apply
    module._apply(fn)
  File "/ext3/miniconda3/lib/python3.12/site-packages/torch/nn/modules/module.py", line 779, in _apply
    module._apply(fn)
  File "/ext3/miniconda3/lib/python3.12/site-packages/torch/nn/modules/module.py", line 779, in _apply
    module._apply(fn)
  [Previous line repeated 2 more times]
  File "/ext3/miniconda3/lib/python3.12/site-packages/torch/nn/modules/module.py", line 804, in _apply
    param_applied = fn(param)
                    ^^^^^^^^^
  File "/ext3/miniconda3/lib/python3.12/site-packages/torch/nn/modules/module.py", line 1159, in convert
    return t.to(
           ^^^^^
torch.cuda.OutOfMemoryError: CUDA out of memory. Tried to allocate 224.00 MiB. GPU 
