Loading checkpoint shards:   0%|          | 0/2 [00:00<?, ?it/s]Loading checkpoint shards:  50%|█████     | 1/2 [00:10<00:10, 10.65s/it]Loading checkpoint shards: 100%|██████████| 2/2 [00:14<00:00,  6.55s/it]Loading checkpoint shards: 100%|██████████| 2/2 [00:14<00:00,  7.17s/it]
/ext3/miniconda3/lib/python3.12/site-packages/transformers/generation/configuration_utils.py:515: UserWarning: `do_sample` is set to `False`. However, `temperature` is set to `0.9` -- this flag is only used in sample-based generation modes. You should set `do_sample=True` or unset `temperature`. This was detected when initializing the generation config instance, which means the corresponding file may hold incorrect parameterization and should be fixed.
  warnings.warn(
/ext3/miniconda3/lib/python3.12/site-packages/transformers/generation/configuration_utils.py:520: UserWarning: `do_sample` is set to `False`. However, `top_p` is set to `0.6` -- this flag is only used in sample-based generation modes. You should set `do_sample=True` or unset `top_p`. This was detected when initializing the generation config instance, which means the corresponding file may hold incorrect parameterization and should be fixed.
  warnings.warn(
/ext3/miniconda3/lib/python3.12/site-packages/transformers/generation/configuration_utils.py:515: UserWarning: `do_sample` is set to `False`. However, `temperature` is set to `0.9` -- this flag is only used in sample-based generation modes. You should set `do_sample=True` or unset `temperature`.
  warnings.warn(
/ext3/miniconda3/lib/python3.12/site-packages/transformers/generation/configuration_utils.py:520: UserWarning: `do_sample` is set to `False`. However, `top_p` is set to `0.6` -- this flag is only used in sample-based generation modes. You should set `do_sample=True` or unset `top_p`.
  warnings.warn(
/ext3/miniconda3/lib/python3.12/site-packages/torch/nn/modules/transformer.py:408: UserWarning: The PyTorch API of nested tensors is in prototype stage and will change in the near future. (Triggered internally at ../aten/src/ATen/NestedTensorImpl.cpp:178.)
  output = torch._nested_tensor_from_mask(output, src_key_padding_mask.logical_not(), mask_check=False)
Traceback (most recent call last):
  File "/ext3/miniconda3/lib/python3.12/site-packages/einops/einops.py", line 522, in reduce
    recipe = _prepare_transformation_recipe(pattern, reduction, axes_names=tuple(axes_lengths), ndim=len(shape))
             ^^^^^^^^^^^^^^^^^^^^^^^^^^^^^^^^^^^^^^^^^^^^^^^^^^^^^^^^^^^^^^^^^^^^^^^^^^^^^^^^^^^^^^^^^^^^^^^^^^^
  File "/ext3/miniconda3/lib/python3.12/site-packages/einops/einops.py", line 365, in _prepare_transformation_recipe
    raise EinopsError(f"Wrong shape: expected {len(left.composition)} dims. Received {ndim}-dim tensor.")
einops.EinopsError: Wrong shape: expected 1 dims. Received 2-dim tensor.

During handling of the above exception, another exception occurred:

Traceback (most recent call last):
  File "/scratch/jl16973/few_shot_word_learning/tmp2.py", line 59, in <module>
    einops.rearrange(input_embeds, 'x -> 1 x')
  File "/ext3/miniconda3/lib/python3.12/site-packages/einops/einops.py", line 591, in rearrange
    return reduce(tensor, pattern, reduction="rearrange", **axes_lengths)
           ^^^^^^^^^^^^^^^^^^^^^^^^^^^^^^^^^^^^^^^^^^^^^^^^^^^^^^^^^^^^^^
  File "/ext3/miniconda3/lib/python3.12/site-packages/einops/einops.py", line 533, in reduce
    raise EinopsError(message + "\n {}".format(e))
einops.EinopsError:  Error while processing rearrange-reduction pattern "x -> 1 x".
 Input tensor shape: torch.Size([1, 4096]). Additional info: {}.
 Wrong shape: expected 1 dims. Received 2-dim tensor.
