Loading checkpoint shards:   0%|          | 0/2 [00:00<?, ?it/s]Loading checkpoint shards:  50%|█████     | 1/2 [01:17<01:17, 77.87s/it]Loading checkpoint shards: 100%|██████████| 2/2 [01:44<00:00, 47.88s/it]Loading checkpoint shards: 100%|██████████| 2/2 [01:44<00:00, 52.38s/it]
/ext3/miniconda3/lib/python3.12/site-packages/transformers/generation/configuration_utils.py:515: UserWarning: `do_sample` is set to `False`. However, `temperature` is set to `0.9` -- this flag is only used in sample-based generation modes. You should set `do_sample=True` or unset `temperature`. This was detected when initializing the generation config instance, which means the corresponding file may hold incorrect parameterization and should be fixed.
  warnings.warn(
/ext3/miniconda3/lib/python3.12/site-packages/transformers/generation/configuration_utils.py:520: UserWarning: `do_sample` is set to `False`. However, `top_p` is set to `0.6` -- this flag is only used in sample-based generation modes. You should set `do_sample=True` or unset `top_p`. This was detected when initializing the generation config instance, which means the corresponding file may hold incorrect parameterization and should be fixed.
  warnings.warn(
/ext3/miniconda3/lib/python3.12/site-packages/transformers/generation/configuration_utils.py:515: UserWarning: `do_sample` is set to `False`. However, `temperature` is set to `0.9` -- this flag is only used in sample-based generation modes. You should set `do_sample=True` or unset `temperature`.
  warnings.warn(
/ext3/miniconda3/lib/python3.12/site-packages/transformers/generation/configuration_utils.py:520: UserWarning: `do_sample` is set to `False`. However, `top_p` is set to `0.6` -- this flag is only used in sample-based generation modes. You should set `do_sample=True` or unset `top_p`.
  warnings.warn(
/ext3/miniconda3/lib/python3.12/site-packages/torch/nn/modules/transformer.py:408: UserWarning: The PyTorch API of nested tensors is in prototype stage and will change in the near future. (Triggered internally at ../aten/src/ATen/NestedTensorImpl.cpp:178.)
  output = torch._nested_tensor_from_mask(output, src_key_padding_mask.logical_not(), mask_check=False)
Traceback (most recent call last):
  File "/scratch/jl16973/few_shot_word_learning/tmp2.py", line 90, in <module>
    outputs = generate(combined_model, [examples], inputs['input_ids'], inputs['attention_mask'], 30, mask_new_tokens=True)
              ^^^^^^^^^^^^^^^^^^^^^^^^^^^^^^^^^^^^^^^^^^^^^^^^^^^^^^^^^^^^^^^^^^^^^^^^^^^^^^^^^^^^^^^^^^^^^^^^^^^^^^^^^^^^^
  File "/ext3/miniconda3/lib/python3.12/site-packages/torch/utils/_contextlib.py", line 115, in decorate_context
    return func(*args, **kwargs)
           ^^^^^^^^^^^^^^^^^^^^^
  File "/scratch/jl16973/few_shot_word_learning/train_with_llama.py", line 163, in generate
    initial_outputs = model(initial_batch)
                      ^^^^^^^^^^^^^^^^^^^^
  File "/ext3/miniconda3/lib/python3.12/site-packages/torch/nn/modules/module.py", line 1532, in _wrapped_call_impl
    return self._call_impl(*args, **kwargs)
           ^^^^^^^^^^^^^^^^^^^^^^^^^^^^^^^^
  File "/ext3/miniconda3/lib/python3.12/site-packages/torch/nn/modules/module.py", line 1541, in _call_impl
    return forward_call(*args, **kwargs)
           ^^^^^^^^^^^^^^^^^^^^^^^^^^^^^
  File "/scratch/jl16973/few_shot_word_learning/train_with_llama.py", line 779, in forward
    c = contexts[i].to(self.firstLM.device)
        ^^^^^^^^^^^^^^
AttributeError: 'list' object has no attribute 'to'
