Loading checkpoint shards:   0%|          | 0/2 [00:00<?, ?it/s]Loading checkpoint shards:  50%|█████     | 1/2 [00:33<00:33, 33.90s/it]Loading checkpoint shards: 100%|██████████| 2/2 [00:43<00:00, 19.84s/it]Loading checkpoint shards: 100%|██████████| 2/2 [00:43<00:00, 21.94s/it]
/ext3/miniconda3/lib/python3.12/site-packages/transformers/generation/configuration_utils.py:515: UserWarning: `do_sample` is set to `False`. However, `temperature` is set to `0.9` -- this flag is only used in sample-based generation modes. You should set `do_sample=True` or unset `temperature`. This was detected when initializing the generation config instance, which means the corresponding file may hold incorrect parameterization and should be fixed.
  warnings.warn(
/ext3/miniconda3/lib/python3.12/site-packages/transformers/generation/configuration_utils.py:520: UserWarning: `do_sample` is set to `False`. However, `top_p` is set to `0.6` -- this flag is only used in sample-based generation modes. You should set `do_sample=True` or unset `top_p`. This was detected when initializing the generation config instance, which means the corresponding file may hold incorrect parameterization and should be fixed.
  warnings.warn(
/ext3/miniconda3/lib/python3.12/site-packages/transformers/generation/configuration_utils.py:515: UserWarning: `do_sample` is set to `False`. However, `temperature` is set to `0.9` -- this flag is only used in sample-based generation modes. You should set `do_sample=True` or unset `temperature`.
  warnings.warn(
/ext3/miniconda3/lib/python3.12/site-packages/transformers/generation/configuration_utils.py:520: UserWarning: `do_sample` is set to `False`. However, `top_p` is set to `0.6` -- this flag is only used in sample-based generation modes. You should set `do_sample=True` or unset `top_p`.
  warnings.warn(
Special tokens have been added in the vocabulary, make sure the associated word embeddings are fine-tuned or trained.
Loading checkpoint shards:   0%|          | 0/4 [00:00<?, ?it/s]Loading checkpoint shards:  25%|██▌       | 1/4 [00:14<00:42, 14.12s/it]Loading checkpoint shards:  50%|█████     | 2/4 [00:25<00:24, 12.43s/it]Loading checkpoint shards:  75%|███████▌  | 3/4 [00:38<00:12, 12.52s/it]Loading checkpoint shards: 100%|██████████| 4/4 [00:40<00:00,  8.71s/it]Loading checkpoint shards: 100%|██████████| 4/4 [00:40<00:00, 10.21s/it]
/ext3/miniconda3/lib/python3.12/site-packages/torch/nn/modules/transformer.py:408: UserWarning: The PyTorch API of nested tensors is in prototype stage and will change in the near future. (Triggered internally at ../aten/src/ATen/NestedTensorImpl.cpp:178.)
  output = torch._nested_tensor_from_mask(output, src_key_padding_mask.logical_not(), mask_check=False)
Traceback (most recent call last):
  File "/scratch/jl16973/few_shot_word_learning/definition_eval2.py", line 322, in <module>
    run_emb_gen(def_task, path, temperature=temp)
  File "/scratch/jl16973/few_shot_word_learning/definition_eval2.py", line 292, in run_emb_gen
    tree.to_graphviz(f"graphviz.dot")
    ^^^^^^^^^^^^^^^^
AttributeError: 'TreeNode' object has no attribute 'to_graphviz'
